<html>
<body>
<pre>
<h1>µVision Build Log</h1>
<h2>Project:</h2>
E:\ENGINEERING\3rd Year\6th SEM\ARM\LPC2148_EVM_Project\EVM_Project.uvproj
Project File Date:  05/15/2026

<h2>Output:</h2>
Build target 'Target 1'
compiling EVM_Project.c...
EVM_Project.c(149): warning:  #1-D: last line of file ends without a newline
  }
EVM_Project.c: 1 warning, 0 errors
linking...
Program Size: Code=2636 RO-data=32 RW-data=24 ZI-data=1256  
FromELF: creating hex file...
".\EVM_Project.axf" - 0 Error(s), 1 Warning(s).
Error: Could not load file 'E:\ENGINEERING\3rd Year\6th SEM\ARM\LPC2148_EVM_Project\EVM_Project.axf'. Debugger aborted !
Error: Could not load file 'E:\ENGINEERING\3rd Year\6th SEM\ARM\LPC2148_EVM_Project\EVM_Project.axf'. Debugger aborted !
</pre>
</body>
</html>
